[36mvite v8.0.0 [32mbuilding client environment for production...[36m[39m
[2K
transforming...Ô£ô 2307 modules transformed.
rendering chunks...
node.exe : [31mÔ£ù[39m 
Build failed in 948ms
At line:1 char:1
+ & "C:\Program 
Files\nodejs/node.exe" 
"C:\Program 
Files\nodejs/node_mo ...
+ ~~~~~~~~~~~~~~~~~~~~~~~~~~~~
~~~~~~~~~~~~~~~~~~~~~~~~~~~~~~
~~~~~~~~~~~
    + CategoryInfo          : 
    NotSpecified: ([31mÔ£ù  
  [39m Build failed in 948m   
 s:String) [], RemoteExcep    
tion
    + FullyQualifiedErrorId : 
    NativeCommandError
 
[31merror during build:
[31mBuild failed with 2 
errors:

[31m[MISSING_EXPORT] 
Error:[0m "Cell" is not 
exported by "node_modules/luci
de-react/dist/esm/lucide-react
.js".
   [38;5;246mÔò¡[0m[38;5;24
6mÔöÇ[0m[38;5;246m[[0m src/
pages/AppDashboard.jsx:2:74 
[38;5;246m][0m
   [38;5;246mÔöé[0m
 [38;5;246m2 Ôöé[0m [38;5;2
49mi[0m[38;5;249mm[0m[38;5
;249mp[0m[38;5;249mo[0m[38
;5;249mr[0m[38;5;249mt[0m[
38;5;249m [0m[38;5;249m{[0m
[38;5;249m [0m[38;5;249mA[
0m[38;5;249mr[0m[38;5;249mr
[0m[38;5;249mo[0m[38;5;249
mw[0m[38;5;249mL[0m[38;5;2
49me[0m[38;5;249mf[0m[38;5
;249mt[0m[38;5;249m,[0m[38
;5;249m [0m[38;5;249mU[0m[
38;5;249ms[0m[38;5;249me[0m
[38;5;249mr[0m[38;5;249ms[
0m[38;5;249m,[0m[38;5;249m 
[0m[38;5;249mM[0m[38;5;249
mo[0m[38;5;249mu[0m[38;5;2
49ms[0m[38;5;249me[0m[38;5
;249mP[0m[38;5;249mo[0m[38
;5;249mi[0m[38;5;249mn[0m[
38;5;249mt[0m[38;5;249me[0m
[38;5;249mr[0m[38;5;249m,[
0m[38;5;249m [0m[38;5;249mA
[0m[38;5;249mc[0m[38;5;249
mt[0m[38;5;249mi[0m[38;5;2
49mv[0m[38;5;249mi[0m[38;5
;249mt[0m[38;5;249my[0m[38
;5;249m,[0m[38;5;249m [0m[
38;5;249mS[0m[38;5;249mm[0m
[38;5;249ma[0m[38;5;249mr[
0m[38;5;249mt[0m[38;5;249mp
[0m[38;5;249mh[0m[38;5;249
mo[0m[38;5;249mn[0m[38;5;2
49me[0m[38;5;249m,[0m[38;5
;249m [0m[38;5;249mP[0m[38
;5;249mi[0m[38;5;249me[0m[
38;5;249mC[0m[38;5;249mh[0m
[38;5;249ma[0m[38;5;249mr[
0m[38;5;249mt[0m[38;5;249m,
[0m[38;5;249m [0mCell[38;5
;249m,[0m[38;5;249m [0m[38
;5;249mR[0m[38;5;249me[0m[
38;5;249ms[0m[38;5;249mp[0m
[38;5;249mo[0m[38;5;249mn[
0m[38;5;249ms[0m[38;5;249mi
[0m[38;5;249mv[0m[38;5;249
me[0m[38;5;249mC[0m[38;5;2
49mo[0m[38;5;249mn[0m[38;5
;249mt[0m[38;5;249ma[0m[38
;5;249mi[0m[38;5;249mn[0m[
38;5;249me[0m[38;5;249mr[0m
[38;5;249m [0m[38;5;249m}[
0m[38;5;249m [0m[38;5;249mf
[0m[38;5;249mr[0m[38;5;249
mo[0m[38;5;249mm[0m[38;5;2
49m [0m[38;5;249m"[0m[38;5
;249ml[0m[38;5;249mu[0m[38
;5;249mc[0m[38;5;249mi[0m[
38;5;249md[0m[38;5;249me[0m
[38;5;249m-[0m[38;5;249mr[
0m[38;5;249me[0m[38;5;249ma
[0m[38;5;249mc[0m[38;5;249
mt[0m[38;5;249m"[0m[38;5;2
49m;[0m
 [38;5;240m  Ôöé[0m         
                              
                              
     ÔöÇÔöÇÔö¼ÔöÇ  
 [38;5;240m  Ôöé[0m         
                              
                              
       Ôò░ÔöÇÔöÇÔöÇ Missing 
export
[38;5;246mÔöÇÔöÇÔöÇÔò»[0m

[31m[MISSING_EXPORT] 
Error:[0m 
"ResponsiveContainer" is not 
exported by "node_modules/luci
de-react/dist/esm/lucide-react
.js".
   [38;5;246mÔò¡[0m[38;5;24
6mÔöÇ[0m[38;5;246m[[0m src/
pages/AppDashboard.jsx:2:80 
[38;5;246m][0m
   [38;5;246mÔöé[0m
 [38;5;246m2 Ôöé[0m [38;5;2
49mi[0m[38;5;249mm[0m[38;5
;249mp[0m[38;5;249mo[0m[38
;5;249mr[0m[38;5;249mt[0m[
38;5;249m [0m[38;5;249m{[0m
[38;5;249m [0m[38;5;249mA[
0m[38;5;249mr[0m[38;5;249mr
[0m[38;5;249mo[0m[38;5;249
mw[0m[38;5;249mL[0m[38;5;2
49me[0m[38;5;249mf[0m[38;5
;249mt[0m[38;5;249m,[0m[38
;5;249m [0m[38;5;249mU[0m[
38;5;249ms[0m[38;5;249me[0m
[38;5;249mr[0m[38;5;249ms[
0m[38;5;249m,[0m[38;5;249m 
[0m[38;5;249mM[0m[38;5;249
mo[0m[38;5;249mu[0m[38;5;2
49ms[0m[38;5;249me[0m[38;5
;249mP[0m[38;5;249mo[0m[38
;5;249mi[0m[38;5;249mn[0m[
38;5;249mt[0m[38;5;249me[0m
[38;5;249mr[0m[38;5;249m,[
0m[38;5;249m [0m[38;5;249mA
[0m[38;5;249mc[0m[38;5;249
mt[0m[38;5;249mi[0m[38;5;2
49mv[0m[38;5;249mi[0m[38;5
;249mt[0m[38;5;249my[0m[38
;5;249m,[0m[38;5;249m [0m[
38;5;249mS[0m[38;5;249mm[0m
[38;5;249ma[0m[38;5;249mr[
0m[38;5;249mt[0m[38;5;249mp
[0m[38;5;249mh[0m[38;5;249
mo[0m[38;5;249mn[0m[38;5;2
49me[0m[38;5;249m,[0m[38;5
;249m [0m[38;5;249mP[0m[38
;5;249mi[0m[38;5;249me[0m[
38;5;249mC[0m[38;5;249mh[0m
[38;5;249ma[0m[38;5;249mr[
0m[38;5;249mt[0m[38;5;249m,
[0m[38;5;249m [0m[38;5;249
mC[0m[38;5;249me[0m[38;5;2
49ml[0m[38;5;249ml[0m[38;5
;249m,[0m[38;5;249m [0mResp
onsiveContainer[38;5;249m [0
m[38;5;249m}[0m[38;5;249m 
[0m[38;5;249mf[0m[38;5;249m
r[0m[38;5;249mo[0m[38;5;24
9mm[0m[38;5;249m [0m[38;5;
249m"[0m[38;5;249ml[0m[38;
5;249mu[0m[38;5;249mc[0m[3
8;5;249mi[0m[38;5;249md[0m
[38;5;249me[0m[38;5;249m-[0
m[38;5;249mr[0m[38;5;249me
[0m[38;5;249ma[0m[38;5;249m
c[0m[38;5;249mt[0m[38;5;24
9m"[0m[38;5;249m;[0m
 [38;5;240m  Ôöé[0m         
                              
                              
           ÔöÇÔöÇÔöÇÔöÇÔöÇÔöÇÔ
öÇÔöÇÔöÇÔö¼ÔöÇÔöÇÔöÇÔöÇÔöÇÔöÇÔ
öÇÔöÇÔöÇ  
 [38;5;240m  Ôöé[0m         
                              
                              
                    Ôò░ÔöÇÔöÇÔ
öÇÔöÇÔöÇÔöÇÔöÇÔöÇÔöÇÔöÇÔöÇ 
Missing export
[38;5;246mÔöÇÔöÇÔöÇÔò»[0m
[31m
    at aggregateBindingErrorsI
ntoJsError (file:///C:/Hope3_s
ervices/H3_servises_dashboard/
node_modules/rolldown/dist/sha
red/error-CP8smW_P.mjs:48:18)
    at unwrapBindingResult (fi
le:///C:/Hope3_services/H3_ser
vises_dashboard/node_modules/r
olldown/dist/shared/error-CP8s
mW_P.mjs:18:128)
    at #build (file:///C:/Hope
3_services/H3_servises_dashboa
rd/node_modules/rolldown/dist/
shared/rolldown-build-4YnQkA76
.mjs:3311:34)
    at async buildEnvironment 
(file:///C:/Hope3_services/H3_
servises_dashboard/node_module
s/vite/dist/node/chunks/node.j
s:32794:64)
    at async Object.build (fil
e:///C:/Hope3_services/H3_serv
ises_dashboard/node_modules/vi
te/dist/node/chunks/node.js:33
216:19)
    at async Object.buildApp (
file:///C:/Hope3_services/H3_s
ervises_dashboard/node_modules
/vite/dist/node/chunks/node.js
:33213:153)
    at async CAC.<anonymous> (
file:///C:/Hope3_services/H3_s
ervises_dashboard/node_modules
/vite/dist/node/cli.js:778:3) 
{
  errors: [Getter/Setter]
}[39m
